python : c:\Python39\lib\site-packages\pytest_asyncio\plugin.py:217: PytestDeprecationWarning: The configuration option "async
io_default_fixture_loop_scope" is unset.
At line:1 char:1
+ python -m pytest -v tests/test_nn_eeg.py > pytest_output.txt 2>&1
+ ~~~~~~~~~~~~~~~~~~~~~~~~~~~~~~~~~~~~~~~~~~~~~~~~~~~~~~~~~~~~~~~~~
    + CategoryInfo          : NotSpecified: (c:\Python39\lib...cope" is unset.:String) [], RemoteException
    + FullyQualifiedErrorId : NativeCommandError
 
The event loop scope for asynchronous fixtures will default to the fixture caching scope. Future versions of pytest-asyncio wi
ll default the loop scope for asynchronous fixtures to function scope. Set the default fixture loop scope explicitly in order 
to avoid unexpected behavior in the future. Valid fixture loop scopes are: "function", "class", "module", "package", "session"

  warnings.warn(PytestDeprecationWarning(_DEFAULT_FIXTURE_LOOP_SCOPE_UNSET))
============================= test session starts =============================
platform win32 -- Python 3.9.6, pytest-8.3.5, pluggy-1.6.0 -- C:\Python39\python.exe
cachedir: .pytest_cache
benchmark: 5.1.0 (defaults: timer=time.perf_counter disable_gc=False min_rounds=5 min_time=0.000005 max_time=1.0 calibration_precision=10 warmup=False warmup_iterations=100000)
rootdir: C:\source\dual-modal-research
configfile: pyproject.toml
plugins: anyio-4.9.0, asyncio-0.26.0, benchmark-5.1.0, cov-6.1.1
asyncio: mode=strict, asyncio_default_fixture_loop_scope=None, asyncio_default_test_loop_scope=function
collecting ... collected 7 items

tests/test_nn_eeg.py::test_neural_eeg_initialization PASSED              [ 14%]
tests/test_nn_eeg.py::test_extract_temporal_signals PASSED               [ 28%]
tests/test_nn_eeg.py::test_analyze_frequency_domain PASSED               [ 42%]
tests/test_nn_eeg.py::test_classify_operational_states PASSED            [ 57%]
tests/test_nn_eeg.py::test_neural_eeg_cleanup PASSED                     [ 71%]
tests/test_nn_eeg.py::test_neural_eeg_generate_report FAILED             [ 85%]
tests/test_nn_eeg.py::test_neural_eeg_visualize_results FAILED           [100%]

================================== FAILURES ===================================
_______________________ test_neural_eeg_generate_report _______________________

test_model = Sequential(
  (0): Conv2d(3, 8, kernel_size=(3, 3), stride=(1, 1), padding=(1, 1))
  (1): ReLU()
  (2): MaxPool2d(kern...ol2d(output_size=1)
  (6): Flatten(start_dim=1, end_dim=-1)
  (7): Linear(in_features=16, out_features=10, bias=True)
)
synthetic_dataloader = <torch.utils.data.dataloader.DataLoader object at 0x000001DB48FB38B0>
sample_config = WindowsPath('test_config.yaml')

    def test_neural_eeg_generate_report(test_model, synthetic_dataloader, sample_config):
        """Test generation of analysis report."""
        eeg_analyzer = NeuralEEG(test_model, config_path=str(sample_config))
        eeg_analyzer.extract_temporal_signals(synthetic_dataloader)
        eeg_analyzer.analyze_frequency_domain() # Use the internal temporal_signals
        report = eeg_analyzer.generate_report()
    
        assert isinstance(report, dict)
>       assert "status" in report # Changed from "overall_status"
E       AssertionError: assert 'status' in {'analysis_parameters': {'frequency_bands': {'alpha': (8, 13), 'beta': (13, 30), 'delta': (0.5, 4), 'gamma': (30, 100), ...}, 'overlap_ratio': 0.5, 'sample_rate': 1.0, 'window_size': 50}, 'frequency_analysis_results': {'layer_0_0': {'band_powers': {'alpha': 0.0, 'beta': 0.0, 'delta': np.float32(1.1333726e-05), 'gamma': 0.0, ...}, 'dominant_frequency': np.float64(0.24), 'overall_state': 'deep_processing', 'spectral_features': {'bandwidth': np.float64(0.5), 'peak_frequency': np.float64(0.24), 'spectral_centroid': np.float64(0.24942485797734337), 'spectral_entropy': np.float32(4.473924)}}, 'layer_1_3': {'band_powers': {'alpha': 0.0, 'beta': 0.0, 'delta': np.float32(1.4927059e-06), 'gamma': 0.0, ...}, 'dominant_frequency': np.float64(0.16), 'overall_state': 'deep_processing', 'spectral_features': {'bandwidth': np.float64(0.48), 'peak_frequency': np.float64(0.16), 'spectral_centroid': np.float64(0.25765949523082293), 'spectral_entropy': np.float32(4.5083647)}}, 'layer_2_7': {'band_powers': {'alpha': 0.0, 'beta': 0.0, 'delta': np.float32(2.2726873e-07), 'gamma': 0.0, ...}, 'dominant_frequency': np.float64(0.1), 'overall_state': 'deep_processing', 'spectral_features': {'bandwidth': np.float64(0.5), 'peak_frequency': np.float64(0.1), 'spectral_centroid': np.float64(0.21545541469167), 'spectral_entropy': np.float32(4.541956)}}}, 'operational_state_classification': ['layer_0_0: deep_processing', 'layer_1_3: deep_processing', 'layer_2_7: deep_processing'], 'recommendations': [], ...}

tests\test_nn_eeg.py:150: AssertionError
---------------------------- Captured stdout call -----------------------------
Registered hooks on 3 layers
Extracting temporal signals from 100 batches...
  Processed 10 batches...
  Processed 20 batches...
  Processed 30 batches...
  Processed 40 batches...
  Processed 50 batches...
  Processed 60 batches...
  Processed 70 batches...
  Processed 80 batches...
  Processed 90 batches...
  Processed 100 batches...
Temporal signal extraction completed in 0.14s
Performing frequency domain analysis...
______________________ test_neural_eeg_visualize_results ______________________

test_model = Sequential(
  (0): Conv2d(3, 8, kernel_size=(3, 3), stride=(1, 1), padding=(1, 1))
  (1): ReLU()
  (2): MaxPool2d(kern...ol2d(output_size=1)
  (6): Flatten(start_dim=1, end_dim=-1)
  (7): Linear(in_features=16, out_features=10, bias=True)
)
synthetic_dataloader = <torch.utils.data.dataloader.DataLoader object at 0x000001DB48FB38B0>
sample_config = WindowsPath('test_config.yaml')

    def test_neural_eeg_visualize_results(test_model, synthetic_dataloader, sample_config):
        """Test visualization of analysis results."""
        eeg_analyzer = NeuralEEG(test_model, config_path=str(sample_config))
        eeg_analyzer.extract_temporal_signals(synthetic_dataloader)
        eeg_analyzer.analyze_frequency_domain()
    
        # Mock matplotlib.pyplot to avoid actual plotting and saving
        with unittest.mock.patch('matplotlib.pyplot.savefig') as mock_savefig, \
             unittest.mock.patch('matplotlib.pyplot.close') as mock_close:
    
            save_path = "test_eeg_visualization.png"
            eeg_analyzer.visualize_results(save_path=save_path)
    
            mock_savefig.assert_called_once_with(save_path, dpi=300, bbox_inches='tight') # Changed dpi to 300
>           mock_close.assert_called_once()

tests\test_nn_eeg.py:171: 
_ _ _ _ _ _ _ _ _ _ _ _ _ _ _ _ _ _ _ _ _ _ _ _ _ _ _ _ _ _ _ _ _ _ _ _ _ _ _ _

self = <MagicMock name='close' id='2041334452176'>

    def assert_called_once(self):
        """assert that the mock was called only once.
        """
        if not self.call_count == 1:
            msg = ("Expected '%s' to have been called once. Called %s times.%s"
                   % (self._mock_name or 'mock',
                      self.call_count,
                      self._calls_repr()))
>           raise AssertionError(msg)
E           AssertionError: Expected 'close' to have been called once. Called 2 times.
E           Calls: [call('all'), call(<Figure size 2000x1200 with 3 Axes>)].

C:\Python39\lib\unittest\mock.py:886: AssertionError
---------------------------- Captured stdout call -----------------------------
Registered hooks on 3 layers
Extracting temporal signals from 100 batches...
  Processed 10 batches...
  Processed 20 batches...
  Processed 30 batches...
  Processed 40 batches...
  Processed 50 batches...
  Processed 60 batches...
  Processed 70 batches...
  Processed 80 batches...
  Processed 90 batches...
  Processed 100 batches...
Temporal signal extraction completed in 0.16s
Performing frequency domain analysis...
Visualization saved to test_eeg_visualization.png
=========================== short test summary info ===========================
FAILED tests/test_nn_eeg.py::test_neural_eeg_generate_report - AssertionError...
FAILED tests/test_nn_eeg.py::test_neural_eeg_visualize_results - AssertionErr...
========================= 2 failed, 5 passed in 6.82s =========================
